
> villa-olimpia@1.0.0 build
> next build

   ▲ Next.js 16.0.7 (Turbopack)
   - Environments: .env.local
   - Experiments (use with caution):
     · optimizePackageImports

   Creating an optimized production build ...
 ✓ Compiled successfully in 2.1s
   Running TypeScript ...
   Collecting page data using 9 workers ...
   Generating static pages using 9 workers (0/44) ...
   Generating static pages using 9 workers (11/44) 
   Generating static pages using 9 workers (22/44) 
   Generating static pages using 9 workers (33/44) 
 ✓ Generating static pages using 9 workers (44/44) in 560.4ms
   Finalizing page optimization ...

Route (app)
┌ ○ /
├ ○ /_not-found
├ ○ /appartamenti
├ ● /appartamenti/[id]
│ ├ /appartamenti/apartment-1
│ ├ /appartamenti/1
│ ├ /appartamenti/frangipane
│ └ [+24 more paths]
├ ○ /contatti
├ ○ /cookie-policy
├ ○ /faq
├ ○ /gallery
├ ○ /location
├ ○ /privacy
├ ○ /privacy-policy
├ ○ /recensioni
├ ○ /robots.txt
├ ○ /servizi
├ ○ /sitemap.xml
├ ○ /termini
└ ○ /termini-condizioni


○  (Static)  prerendered as static content
●  (SSG)     prerendered as static HTML (uses generateStaticParams)

